11:03:59 workers-equivalence start pid=3872 log=C:\Users\heyiy\Desktop\cangying\reports\workers_eq-20260919-110359.log
11:03:59 === workers_eq2 train start (out_dir=E:/flybrain-workers/eq2) ===
  TORCH_BLAS_PREFER_HIPBLASLT=1
  TORCH_ROCM_AOTRITON_ENABLE_EXPERIMENTAL=1
  HIPBLASLT_ALLOW_TF32=1
  MIOPEN_FIND_MODE=FAST
whole brain: 164,587 neurons, 25,563,096 synapses (106,791 excitatory / 57,255 inhibitory), 1 chunks x 1 sweeps per pass, rank 256, one sweep per token, the whole sequence model, impl=csr-scaled
{
  "torch": "2.9.1+rocm7.10.0a20251120",
  "hip": "7.2.0-c0adf921a0",
  "cuda": null,
  "device_count": 1,
  "is_rocm": true,
  "name": "AMD Radeon RX 7900 XTX",
  "gcn_arch": "gfx1100",
  "total_memory_gb": 23.98,
  "multi_processor_count": 48,
  "bf16_supported": true,
  "sdpa_backends": {
    "FLASH_ATTENTION": true,
    "EFFICIENT_ATTENTION": true,
    "MATH": true,
    "CUDNN_ATTENTION": false
  }
}
params: 97,443,802
train windows/epoch: 1,224,179  val windows: 5,704
python.exe : C:\Users\heyiy\Desktop\cangying\src\flybrain\wholebrain.py:184: UserWarning: Sparse CSR tensor support is 
in beta state. If you miss a functionality in the sparse tensor support, please submit a feature request to https://git
hub.com/pytorch/pytorch/issues. (Triggered internally at B:\src\torch\aten\src\ATen\SparseCsrTensorImpl.cpp:55.)
所在位置 C:\Users\heyiy\Desktop\cangying\scripts\run_workers_eq.ps1:67 字符: 9
+         & $python -u -m flybrain.train --config $config --resume none ...
+         ~~~~~~~~~~~~~~~~~~~~~~~~~~~~~~~~~~~~~~~~~~~~~~~~~~~~~~~~~~~~~
    + CategoryInfo          : NotSpecified: (C:\Users\heyiy\...orImpl.cpp:55.):String) [], RemoteException
    + FullyQualifiedErrorId : NativeCommandError
 
  sparse = torch.sparse_csr_tensor(
step      1/60 loss 9.7739 ppl 17569.35 lr 1.50e-06 gnorm 9.13 247 tok/s brain 44.8% syn 45.1% 32sweeps
step      5/60 loss 9.6529 ppl 15567.32 lr 7.50e-06 gnorm 7.43 921 tok/s brain 44.8% syn 45.0% 32sweeps
step     10/60 loss 9.2942 ppl 10874.57 lr 1.50e-05 gnorm 8.90 918 tok/s brain 44.8% syn 45.0% 32sweeps
step     15/60 loss 9.1414 ppl 9334.14 lr 2.25e-05 gnorm 8.46 916 tok/s brain 44.8% syn 45.0% 32sweeps
step     20/60 loss 8.7051 ppl 6033.40 lr 3.00e-05 gnorm 8.15 908 tok/s brain 44.8% syn 44.9% 32sweeps
step     25/60 loss 8.5601 ppl 5219.18 lr 3.75e-05 gnorm 7.50 913 tok/s brain 44.8% syn 45.0% 32sweeps
step     30/60 loss 8.2112 ppl 3682.01 lr 4.50e-05 gnorm 7.47 914 tok/s brain 44.8% syn 45.0% 32sweeps
  eval val_loss 8.3216 val_ppl 4111.57 best 8.3216
  whole brain: 164,587 neurons, 25,563,096 synapses, 43.93% active, drive rank 256/256, synapse use 45.1%, batch participation 6.2/5.9 of 8
step     35/60 loss 8.0824 ppl 3237.05 lr 5.25e-05 gnorm 7.06 910 tok/s brain 44.8% syn 45.0% 32sweeps
step     40/60 loss 7.9194 ppl 2750.15 lr 6.00e-05 gnorm 7.52 913 tok/s brain 44.8% syn 44.9% 32sweeps
step     45/60 loss 7.8395 ppl 2539.04 lr 5.54e-05 gnorm 7.98 913 tok/s brain 44.8% syn 45.0% 32sweeps
step     50/60 loss 7.6517 ppl 2104.30 lr 3.98e-05 gnorm 7.78 913 tok/s brain 44.8% syn 45.0% 32sweeps
step     55/60 loss 7.4351 ppl 1694.49 lr 2.19e-05 gnorm 7.25 913 tok/s brain 44.8% syn 44.9% 32sweeps
step     60/60 loss 7.2094 ppl 1352.10 lr 1.23e-05 gnorm 7.14 911 tok/s brain 44.8% syn 45.0% 32sweeps
  eval val_loss 7.5641 val_ppl 1927.69 best 7.5641
  whole brain: 164,587 neurons, 25,563,096 synapses, 43.95% active, drive rank 256/256, synapse use 45.0%, batch participation 6.5/6.0 of 8
{
  "steps": 60,
  "best_val_loss": 7.564078450202942,
  "minutes": 1.36,
  "params": 97443802,
  "memory": "vram free 13.07 GiB / total 23.98 GiB, torch allocated 2.99 GiB"
}
11:05:46 === workers_eq2 train exit=0 (exit code is not a verdict) ===
11:05:46 === workers_eq0 train start (out_dir=E:/flybrain-workers/eq0) ===
  TORCH_BLAS_PREFER_HIPBLASLT=1
  TORCH_ROCM_AOTRITON_ENABLE_EXPERIMENTAL=1
  HIPBLASLT_ALLOW_TF32=1
  MIOPEN_FIND_MODE=FAST
whole brain: 164,587 neurons, 25,563,096 synapses (106,791 excitatory / 57,255 inhibitory), 1 chunks x 1 sweeps per pass, rank 256, one sweep per token, the whole sequence model, impl=csr-scaled
{
  "torch": "2.9.1+rocm7.10.0a20251120",
  "hip": "7.2.0-c0adf921a0",
  "cuda": null,
  "device_count": 1,
  "is_rocm": true,
  "name": "AMD Radeon RX 7900 XTX",
  "gcn_arch": "gfx1100",
  "total_memory_gb": 23.98,
  "multi_processor_count": 48,
  "bf16_supported": true,
  "sdpa_backends": {
    "FLASH_ATTENTION": true,
    "EFFICIENT_ATTENTION": true,
    "MATH": true,
    "CUDNN_ATTENTION": false
  }
}
params: 97,443,802
train windows/epoch: 1,224,179  val windows: 5,704
python.exe : C:\Users\heyiy\Desktop\cangying\src\flybrain\wholebrain.py:184: UserWarning: Sparse CSR tensor support is 
in beta state. If you miss a functionality in the sparse tensor support, please submit a feature request to https://git
hub.com/pytorch/pytorch/issues. (Triggered internally at B:\src\torch\aten\src\ATen\SparseCsrTensorImpl.cpp:55.)
所在位置 C:\Users\heyiy\Desktop\cangying\scripts\run_workers_eq.ps1:67 字符: 9
+         & $python -u -m flybrain.train --config $config --resume none ...
+         ~~~~~~~~~~~~~~~~~~~~~~~~~~~~~~~~~~~~~~~~~~~~~~~~~~~~~~~~~~~~~
    + CategoryInfo          : NotSpecified: (C:\Users\heyiy\...orImpl.cpp:55.):String) [], RemoteException
    + FullyQualifiedErrorId : NativeCommandError
 
  sparse = torch.sparse_csr_tensor(
step      1/60 loss 9.7739 ppl 17569.35 lr 1.50e-06 gnorm 9.13 412 tok/s brain 44.8% syn 45.1% 32sweeps
step      5/60 loss 9.6529 ppl 15567.32 lr 7.50e-06 gnorm 7.43 917 tok/s brain 44.8% syn 45.0% 32sweeps
step     10/60 loss 9.2942 ppl 10874.57 lr 1.50e-05 gnorm 8.90 918 tok/s brain 44.8% syn 45.0% 32sweeps
step     15/60 loss 9.1414 ppl 9334.14 lr 2.25e-05 gnorm 8.46 917 tok/s brain 44.8% syn 45.0% 32sweeps
step     20/60 loss 8.7051 ppl 6033.40 lr 3.00e-05 gnorm 8.15 916 tok/s brain 44.8% syn 44.9% 32sweeps
step     25/60 loss 8.5601 ppl 5219.18 lr 3.75e-05 gnorm 7.50 914 tok/s brain 44.8% syn 45.0% 32sweeps
step     30/60 loss 8.2112 ppl 3682.01 lr 4.50e-05 gnorm 7.47 915 tok/s brain 44.8% syn 45.0% 32sweeps
  eval val_loss 8.3216 val_ppl 4111.57 best 8.3216
  whole brain: 164,587 neurons, 25,563,096 synapses, 43.96% active, drive rank 256/256, synapse use 45.0%, batch participation 6.5/6.1 of 8
step     35/60 loss 8.0662 ppl 3184.97 lr 5.25e-05 gnorm 7.94 912 tok/s brain 44.8% syn 45.1% 32sweeps
step     40/60 loss 7.8587 ppl 2588.28 lr 6.00e-05 gnorm 7.36 913 tok/s brain 44.8% syn 45.0% 32sweeps
step     45/60 loss 7.6510 ppl 2102.80 lr 5.54e-05 gnorm 8.24 905 tok/s brain 44.8% syn 45.0% 32sweeps
step     50/60 loss 7.5974 ppl 1992.98 lr 3.98e-05 gnorm 7.66 897 tok/s brain 44.8% syn 45.0% 32sweeps
step     55/60 loss 7.3871 ppl 1615.10 lr 2.19e-05 gnorm 7.58 910 tok/s brain 44.8% syn 45.0% 32sweeps
step     60/60 loss 7.5175 ppl 1839.92 lr 1.23e-05 gnorm 7.19 892 tok/s brain 44.8% syn 45.0% 32sweeps
  eval val_loss 7.5451 val_ppl 1891.39 best 7.5451
  whole brain: 164,587 neurons, 25,563,096 synapses, 43.88% active, drive rank 256/256, synapse use 44.9%, batch participation 6.3/6.1 of 8
{
  "steps": 60,
  "best_val_loss": 7.545066952705383,
  "minutes": 1.31,
  "params": 97443802,
  "memory": "vram free 13.07 GiB / total 23.98 GiB, torch allocated 2.99 GiB"
}
11:07:09 === workers_eq0 train exit=0 (exit code is not a verdict) ===
11:07:09 steps: a=13 b=13 compared=13
11:07:09   tokens_per_second: a=862.3 b=872.2 (+1.1%)
11:07:09   wall: a=1789787083.5 b=1789787187.6 (+0.0%)
11:07:09   vram_gb: a=8.7 b=8.7 (+0.0%)
11:07:09 DIFFER at 6 place(s); first:
11:07:09   step 35 loss: 8.0824 vs 8.0662
11:07:09   step 40 loss: 7.9194 vs 7.8587
11:07:09   step 45 loss: 7.8395 vs 7.651
11:07:09   step 50 loss: 7.6517 vs 7.5974
11:07:09   step 55 loss: 7.4351 vs 7.3871
11:07:09 === compare exit=1 (0 = identical step by step) -> C:\Users\heyiy\Desktop\cangying\reports\workers_eq_compare.txt ===
