  TORCH_BLAS_PREFER_HIPBLASLT=1
  TORCH_ROCM_AOTRITON_ENABLE_EXPERIMENTAL=1
  HIPBLASLT_ALLOW_TF32=1
  MIOPEN_FIND_MODE=FAST
whole brain: 164,587 neurons, 25,563,096 synapses (106,791 excitatory / 57,255 inhibitory), 1 chunks x 1 sweeps per pass, rank 256, one sweep per token, the whole sequence model, impl=csr-scaled
{
  "torch": "2.9.1+rocm7.10.0a20251120",
  "hip": "7.2.0-c0adf921a0",
  "cuda": null,
  "device_count": 1,
  "is_rocm": true,
  "name": "AMD Radeon RX 7900 XTX",
  "gcn_arch": "gfx1100",
  "total_memory_gb": 23.98,
  "multi_processor_count": 48,
  "bf16_supported": true,
  "sdpa_backends": {
    "FLASH_ATTENTION": true,
    "EFFICIENT_ATTENTION": true,
    "MATH": true,
    "CUDNN_ATTENTION": false
  }
}
params: 97,443,802
train windows/epoch: 1,224,179  val windows: 5,704
step      1/18000 loss 9.7739 ppl 17569.35 lr 1.50e-06 gnorm 9.13 196 tok/s brain 44.8% syn 45.1% 32sweeps
step    100/18000 loss 7.7266 ppl 2267.80 lr 6.00e-05 gnorm 8.20 920 tok/s brain 44.7% syn 45.0% 32sweeps
step    200/18000 loss 6.1701 ppl 478.24 lr 6.00e-05 gnorm 8.46 913 tok/s brain 44.7% syn 45.0% 32sweeps
  eval val_loss 6.2306 val_ppl 508.06 best 6.2306
  whole brain: 164,587 neurons, 25,563,096 synapses, 43.86% active, drive rank 256/256, synapse use 45.1%, batch participation 6.2/6.4 of 8
step    300/18000 loss 5.7891 ppl 326.73 lr 6.00e-05 gnorm 8.02 915 tok/s brain 44.7% syn 45.0% 32sweeps
step    400/18000 loss 5.6472 ppl 283.49 lr 6.00e-05 gnorm 7.13 914 tok/s brain 44.7% syn 44.9% 32sweeps
  eval val_loss 5.8323 val_ppl 341.16 best 5.8323
  whole brain: 164,587 neurons, 25,563,096 synapses, 43.85% active, drive rank 256/256, synapse use 44.9%, batch participation 6.5/6.1 of 8
step    500/18000 loss 5.6291 ppl 278.41 lr 5.99e-05 gnorm 8.40 912 tok/s brain 44.7% syn 44.9% 32sweeps
step    600/18000 loss 5.5163 ppl 248.71 lr 5.99e-05 gnorm 12.76 904 tok/s brain 44.7% syn 45.0% 32sweeps
  eval val_loss 5.7399 val_ppl 311.04 best 5.7399
  whole brain: 164,587 neurons, 25,563,096 synapses, 43.80% active, drive rank 256/256, synapse use 45.0%, batch participation 6.3/6.2 of 8
step    700/18000 loss 5.4110 ppl 223.87 lr 5.98e-05 gnorm 7.71 907 tok/s brain 44.6% syn 45.0% 32sweeps
step    800/18000 loss 5.3249 ppl 205.39 lr 5.98e-05 gnorm 7.95 908 tok/s brain 44.6% syn 45.0% 32sweeps
  eval val_loss 5.5142 val_ppl 248.20 best 5.5142
  whole brain: 164,587 neurons, 25,563,096 synapses, 43.74% active, drive rank 256/256, synapse use 45.0%, batch participation 6.2/6.2 of 8
step    900/18000 loss 5.2701 ppl 194.43 lr 5.97e-05 gnorm 7.77 907 tok/s brain 44.6% syn 45.0% 32sweeps
step   1000/18000 loss 5.1294 ppl 168.91 lr 5.97e-05 gnorm 8.49 904 tok/s brain 44.6% syn 44.9% 32sweeps
  eval val_loss 5.4022 val_ppl 221.90 best 5.4022
  whole brain: 164,587 neurons, 25,563,096 synapses, 43.74% active, drive rank 256/256, synapse use 44.9%, batch participation 6.1/5.8 of 8
step   1100/18000 loss 5.2057 ppl 182.31 lr 5.96e-05 gnorm 8.42 894 tok/s brain 44.6% syn 45.0% 32sweeps
