  TORCH_BLAS_PREFER_HIPBLASLT=1
  TORCH_ROCM_AOTRITON_ENABLE_EXPERIMENTAL=1
  HIPBLASLT_ALLOW_TF32=1
  MIOPEN_FIND_MODE=FAST
whole brain: 164,587 neurons, 25,563,096 synapses (106,791 excitatory / 57,255 inhibitory), 1 chunks x 1 sweeps per pass, rank 256, one sweep per token, the whole sequence model, impl=csr-scaled
{
  "torch": "2.9.1+rocm7.10.0a20251120",
  "hip": "7.2.0-c0adf921a0",
  "cuda": null,
  "device_count": 1,
  "is_rocm": true,
  "name": "AMD Radeon RX 7900 XTX",
  "gcn_arch": "gfx1100",
  "total_memory_gb": 23.98,
  "multi_processor_count": 48,
  "bf16_supported": true,
  "sdpa_backends": {
    "FLASH_ATTENTION": true,
    "EFFICIENT_ATTENTION": true,
    "MATH": true,
    "CUDNN_ATTENTION": false
  }
}
params: 97,443,802
train windows/epoch: 1,224,179  val windows: 5,704
step      1/18000 loss 9.7739 ppl 17569.35 lr 1.50e-06 gnorm 9.13 262 tok/s brain 44.8% syn 45.1% 32sweeps
step    100/18000 loss 7.7266 ppl 2267.80 lr 6.00e-05 gnorm 8.20 919 tok/s brain 44.7% syn 45.0% 32sweeps
step    200/18000 loss 6.1701 ppl 478.24 lr 6.00e-05 gnorm 8.46 918 tok/s brain 44.7% syn 45.0% 32sweeps
  eval val_loss 6.2306 val_ppl 508.06 best 6.2306
  whole brain: 164,587 neurons, 25,563,096 synapses, 43.86% active, drive rank 256/256, synapse use 45.1%, batch participation 6.2/6.4 of 8
