  TORCH_BLAS_PREFER_HIPBLASLT=1
  TORCH_ROCM_AOTRITON_ENABLE_EXPERIMENTAL=1 
  HIPBLASLT_ALLOW_TF32=1
  MIOPEN_FIND_MODE=FAST
whole brain: 164,587 neurons, 25,563,096 synapses (106,791 excitatory / 57,255 inhibitory), 1 chunks x 1 sweeps per pass, rank 256, one sweep per token, the whole sequence model, impl=csr-scaled
{
  "torch": "2.9.1+rocm7.10.0a20251120",
  "hip": "7.2.0-c0adf921a0",
  "cuda": null,
  "device_count": 1,
  "is_rocm": true,
  "name": "AMD Radeon RX 7900 XTX",
  "gcn_arch": "gfx1100",
  "total_memory_gb": 23.98,
  "multi_processor_count": 48,
  "bf16_supported": true,
  "sdpa_backends": {
    "FLASH_ATTENTION": false,
    "EFFICIENT_ATTENTION": false,
    "MATH": true,
    "CUDNN_ATTENTION": false
  }
}
params: 97,443,802
train windows/epoch: 1,224,179  val windows: 5,704
C:\Users\heyiy\Desktop\cangying\src\flybrain\wholebrain.py:184: UserWarning: Sparse CSR tensor support is in beta state. If you miss a functionality in the sparse tensor support, please submit a feature request to https://github.com/pytorch/pytorch/issues. (Triggered internally at B:\src\torch\aten\src\ATen\SparseCsrTensorImpl.cpp:55.)
  sparse = torch.sparse_csr_tensor(
step      1/1 loss 9.7739 ppl 17569.35 lr 1.50e-06 gnorm 9.13 264 tok/s brain 44.8% syn 45.1% 32sweeps
  eval val_loss 9.7488 val_ppl 17133.38 best 9.7488
  whole brain: 164,587 neurons, 25,563,096 synapses, 43.93% active, drive rank 256/256, synapse use 45.1%, batch participation 6.2/6.7 of 8
{
  "steps": 1,
  "best_val_loss": 9.748783826828003,
  "minutes": 2.08,
  "params": 97443802,
  "memory": "vram free 13.70 GiB / total 23.98 GiB, torch allocated 2.99 GiB"
}
